// Jest Snapshot v1, https://goo.gl/fbAQLP

exports[`Content renders correctly 1`] = `
<div
  className="content"
>
  <div
    className="content__body"
    dangerouslySetInnerHTML={
      Object {
        "__html": "<p>test</p>",
      }
    }
  />
</div>
`;
