// Jest Snapshot v1, https://goo.gl/fbAQLP

exports[`PostTemplate renders correctly 1`] = `
<div
  className="layout"
>
  <div
    className="post"
  >
    <a
      className="post__home-button"
      href="/"
    >
      목록
    </a>
    <div
      className="post__title"
    />
    <div
      className="post__content"
    >
      <div
        className="content"
      >
        <div
          className="content__body"
          dangerouslySetInnerHTML={
            Object {
              "__html": "<p>test</p>",
            }
          }
        />
      </div>
      <div
        className="post__tags"
      >
        <div
          className="tags"
        >
          <ul
            className="tags__list"
          >
            <li
              className="tags__list-item"
            >
              <a
                className="tags__list-item-link"
                href="/test_0"
              >
                test_0
              </a>
            </li>
            <li
              className="tags__list-item"
            >
              <a
                className="tags__list-item-link"
                href="/test_1"
              >
                test_1
              </a>
            </li>
          </ul>
        </div>
      </div>
    </div>
    <div
      className="post__footer"
    >
      <a
        className="post__button"
        href="/"
      >
        목록
      </a>
      <a
        href="https://www.sundaynamaste.com"
        target="_blank"
      >
        sundaynamaste
      </a>
       All rights reserved.
    </div>
    <div
      className="post__comments"
    />
  </div>
</div>
`;
