// Jest Snapshot v1, https://goo.gl/fbAQLP

exports[`Meta renders correctly 1`] = `
<div
  className="meta"
>
  <p
    className="meta__date"
  >
    2016-09-01
     | 
    tester
  </p>
</div>
`;
